[desafio19dias.com/index.html]
[desafio19dias.com/t.src]
[backblue.gif]
[fade.gif]
[index.html]
[desafio19dias.com/wp-includes/css/dist/block-library/style.min6a4d.css]
[desafio19dias.com/feed/index.html]
[desafio19dias.com/comments/feed/index.html]
[desafio19dias.com/wp-includes/css/classic-themes.min68b3.css]
[desafio19dias.com/wp-content/themes/hello-elementor/style.minc141.css]
[desafio19dias.com/wp-content/themes/hello-elementor/theme.minc141.css]
[desafio19dias.com/wp-content/plugins/elementor/assets/lib/eicons/css/elementor-icons.min91ce.css]
[desafio19dias.com/wp-content/plugins/elementor/assets/css/frontend-legacy.mina560.css]
[desafio19dias.com/wp-content/plugins/elementor/assets/css/frontend.mina560.css]
[desafio19dias.com/wp-content/uploads/elementor/css/post-115bc1.css]
[desafio19dias.com/wp-content/plugins/elementor-pro/assets/css/frontend.mina560.css]
[desafio19dias.com/wp-content/uploads/elementor/css/global49bb.css]
[desafio19dias.com/wp-content/uploads/elementor/css/post-10853cd3.css]
[desafio19dias.com/wp-content/plugins/wp-rocket/assets/img/youtube.png]
[desafio19dias.com/wp-content/plugins/elementor/assets/lib/font-awesome/css/fontawesome.min52d5.css]
[desafio19dias.com/wp-content/plugins/elementor/assets/lib/font-awesome/css/solid.min52d5.css]
[desafio19dias.com/wp-json/wp/v2/pages/1085]
[desafio19dias.com/wp-json/index.html]
[desafio19dias.com/xmlrpc0db0.php]
[desafio19dias.com/wp-includes/wlwmanifest.xml]
[desafio19dias.com/wp-json/oembed/1.0/embed99f0]
[desafio19dias.com/wp-json/oembed/1.0/embed84e5]
[desafio19dias.com/wp-content/uploads/2021/06/cropped-D19-Logo-App2-32x32.png]
[desafio19dias.com/wp-content/uploads/2021/06/cropped-D19-Logo-App2-192x192.png]
[desafio19dias.com/wp-content/uploads/2021/06/cropped-D19-Logo-App2-180x180.png]
[desafio19dias.com/wp-content/uploads/2021/05/compra-segura-hotmart-w1000-300x90.png]
[desafio19dias.com/wp-content/uploads/2023/01/shutterstock_1441211492-Converted-Mockup-01-1-1024x1024-1.jpg]
[desafio19dias.com/wp-content/uploads/2023/01/ddepoimentos-1.jpg]
[desafio19dias.com/wp-content/uploads/2023/01/otm_WhatsApp-Image-2021-03-09-at-15.04.52-1-1.jpg]
[desafio19dias.com/wp-content/uploads/2023/01/otm_WhatsApp-Image-2021-03-09-at-15.04.50-2-1.jpg]
[desafio19dias.com/wp-content/uploads/2023/01/otm_mini-dep4.jpg]
[desafio19dias.com/wp-content/uploads/2023/01/otm_WhatsApp-Image-2021-03-09-at-15.04.53-1.jpg]
[desafio19dias.com/wp-content/uploads/2023/01/otm_WhatsApp-Image-2021-03-09-at-15.04.52-2.jpg]
[desafio19dias.com/wp-content/uploads/2023/01/otm_062e4590-depo-1_10ae04o09903i00l00l028.jpg]
[desafio19dias.com/wp-content/uploads/2023/01/otm2_depoimentoFace17_large_mob.jpg]
[desafio19dias.com/wp-content/uploads/2023/01/dC1-1-786x1024-2.jpg]
[desafio19dias.com/wp-content/uploads/2023/01/otm2_Prancheta-62_mob.jpg]
[desafio19dias.com/wp-content/uploads/2023/01/dGuia-Low-Carb-Mockup-3-300x300-2.jpg]
[desafio19dias.com/wp-content/uploads/2023/01/d100-Receitas-Detox.jpg]
[desafio19dias.com/wp-content/uploads/2023/01/dvip-2-1.jpg]
[desafio19dias.com/wp-content/uploads/2023/01/dC3-1-1024x1024-1.jpg]
[desafio19dias.com/wp-content/uploads/2023/01/otm2_Prancheta-70_mob.jpg]
[desafio19dias.com/wp-content/uploads/2023/01/otm2_100-Receitas-Detox_mob.jpg]
[desafio19dias.com/wp-content/uploads/2023/01/otm2_vip-2_mob.jpg]
[desafio19dias.com/wp-content/uploads/2023/01/otm2_C3-1_mob.jpg]
[desafio19dias.com/wp-content/uploads/2023/01/dC4-1-1024x512-1.jpg]
[desafio19dias.com/wp-content/uploads/2023/01/otm2_C4-1_mob.jpg]
[desafio19dias.com/wp-content/uploads/2023/01/otm_2b41ec59-d5e84e1e-price-1000000000000000000028_1000000000000000000028.jpg]
[desafio19dias.com/wp-content/uploads/2023/01/dC5-2.jpg]
[desafio19dias.com/wp-content/uploads/2023/01/otm2_IMG_2579.jpg]
[desafio19dias.com/wp-content/uploads/2023/01/otm2_photo_2021-10-21-18.52.45.jpg]
[desafio19dias.com/wp-content/uploads/2023/01/otm2_photo_2021-10-21-18.53.29.jpg]
[desafio19dias.com/wp-content/uploads/2023/01/otm2_photo_2021-10-21-18.53.36.jpg]
[desafio19dias.com/wp-content/uploads/2023/01/otm2_photo_2022-02-18-09.01.00-1.jpg]
[desafio19dias.com/wp-content/uploads/2023/01/otm2_photo_2022-05-11-09.30.59.jpg]
[desafio19dias.com/wp-content/uploads/2023/01/otm2_Prancheta-42-copia-6-1.jpg]
[desafio19dias.com/wp-content/uploads/2023/01/otm2_Prancheta-42-copia-4-1.jpg]
[desafio19dias.com/wp-content/uploads/2023/01/otm2_Prancheta-42-copia-3-1.jpg]
[desafio19dias.com/wp-content/uploads/2023/01/otm2_Prancheta-42.jpg]
[desafio19dias.com/wp-content/uploads/2023/01/otm2_Prancheta-42-copia-1.jpg]
[desafio19dias.com/wp-content/uploads/2023/01/otm2_Prancheta-42-copia-8-1.jpg]
[desafio19dias.com/wp-content/uploads/2023/01/d68bedb68-recorte-mujeres-2_10kr0ez000000000000028.jpg]
[desafio19dias.com/wp-content/uploads/2023/01/otm2_68bedb68-recorte-mujeres-2_10kr0ez000000000000028_mob.jpg]
[desafio19dias.com/wp-content/uploads/2023/01/Design-sem-nome-70.jpg]
[desafio19dias.com/wp-content/plugins/elementor/assets/lib/animations/animations.mina560.css]
[desafio19dias.com/wp-content/plugins/elementor-pro/assets/js/webpack-pro.runtime.mina560.js]
[desafio19dias.com/wp-content/plugins/elementor/assets/js/webpack.runtime.mina560.js]
[desafio19dias.com/wp-includes/js/jquery/jquery.mina7a0.js]
[desafio19dias.com/wp-includes/js/jquery/jquery-migrate.mind617.js]
[desafio19dias.com/wp-content/plugins/elementor/assets/js/frontend-modules.mina560.js]
[desafio19dias.com/wp-includes/js/dist/vendor/regenerator-runtime.min3937.js]
[desafio19dias.com/wp-includes/js/dist/vendor/wp-polyfill.min2c7c.js]
[desafio19dias.com/wp-includes/js/dist/hooks.min6c65.js]
[desafio19dias.com/wp-includes/js/dist/i18n.mine57b.js]
[desafio19dias.com/wp-content/plugins/elementor-pro/assets/js/frontend.mina560.js]
[desafio19dias.com/wp-content/plugins/elementor/assets/lib/waypoints/waypoints.min05da.js]
[desafio19dias.com/wp-includes/js/jquery/ui/core.min3f14.js]
[desafio19dias.com/wp-content/plugins/elementor/assets/lib/swiper/swiper.min48f5.js]
[desafio19dias.com/wp-content/plugins/elementor/assets/lib/share-link/share-link.mina560.js]
[desafio19dias.com/wp-content/plugins/elementor/assets/lib/dialog/dialog.mind227.js]
[desafio19dias.com/wp-content/plugins/elementor/assets/js/frontend.mina560.js]
[desafio19dias.com/wp-content/plugins/elementor-pro/assets/js/preloaded-elements-handlers.mina560.js]
[desafio19dias.com/wp-content/plugins/elementor/assets/js/preloaded-modules.mina560.js]
[desafio19dias.com/wp-content/plugins/elementor-pro/assets/lib/sticky/jquery.sticky.mina560.js]
[desafio19dias.com/wp-content/plugins/wp-rocket/assets/js/lazyload/17.5/lazyload.min.js]
[desafio19dias.com/index.html]
[desafio19dias.com/t.html]
[desafio19dias.com/feed/index.html]
[desafio19dias.com/comments/feed/index.html]
[desafio19dias.com/wp-includes/css/dist/block-library/style.min6a4d.css]
[desafio19dias.com/wp-includes/css/classic-themes.min68b3.css]
[desafio19dias.com/wp-content/themes/hello-elementor/style.minc141.css]
[desafio19dias.com/wp-content/themes/hello-elementor/theme.minc141.css]
[desafio19dias.com/wp-content/plugins/elementor/assets/lib/eicons/fonts/eicons1075.eot]
[desafio19dias.com/wp-content/plugins/elementor/assets/lib/eicons/fonts/eicons1075.woff2]
[desafio19dias.com/wp-content/plugins/elementor/assets/lib/eicons/fonts/eicons1075.ttf]
[desafio19dias.com/wp-content/plugins/elementor/assets/lib/eicons/fonts/eicons1075.woff]
[desafio19dias.com/wp-content/plugins/elementor/assets/lib/eicons/css/elementor-icons.min91ce.css]
[desafio19dias.com/wp-content/plugins/elementor/assets/css/frontend-legacy.mina560.css]
[desafio19dias.com/wp-content/plugins/elementor/assets/css/frontend.mina560.css]
[desafio19dias.com/wp-content/uploads/elementor/css/post-115bc1.css]
[desafio19dias.com/wp-content/plugins/elementor-pro/assets/css/frontend.mina560.css]
[desafio19dias.com/wp-content/uploads/elementor/css/global49bb.css]
[desafio19dias.com/wp-content/uploads/2023/01/dC2-2-1.jpg]
[desafio19dias.com/wp-content/uploads/2021/05/fundo-geometrico-escuro_1409-925-1.jpg]
[desafio19dias.com/wp-content/uploads/2021/05/C2-2.jpg]
[desafio19dias.com/wp-content/uploads/2021/05/como-emagreci006.jpg]
[desafio19dias.com/wp-content/plugins/elementor/assets/lib/eicons/fonts/eicons1075.svg]
[desafio19dias.com/wp-content/uploads/2023/01/C2-2.jpg]
[desafio19dias.com/wp-content/uploads/elementor/css/post-10853cd3.css]
[desafio19dias.com/wp-content/plugins/elementor/assets/lib/font-awesome/css/fontawesome.min52d5.css]
[desafio19dias.com/wp-content/plugins/elementor/assets/lib/font-awesome/webfonts/fa-solid-900.eot]
[desafio19dias.com/wp-content/plugins/elementor/assets/lib/font-awesome/webfonts/fa-solid-900d41d.eot]
[desafio19dias.com/wp-content/plugins/elementor/assets/lib/font-awesome/webfonts/fa-solid-900.woff2]
[desafio19dias.com/wp-content/plugins/elementor/assets/lib/font-awesome/webfonts/fa-solid-900.woff]
[desafio19dias.com/wp-content/plugins/elementor/assets/lib/font-awesome/css/solid.min52d5.css]
[desafio19dias.com/wp-json/index.html]
[desafio19dias.com/wp-json/wp/v2/pages/1085.html]
[desafio19dias.com/xmlrpc0db0.html]
[desafio19dias.com/wp-json/oembed/1.0/embed99f0.html]
[desafio19dias.com/wp-json/oembed/1.0/embed84e5.html]
[desafio19dias.com/wp-content/plugins/elementor/assets/lib/animations/animations.mina560.css]
[desafio19dias.com/wp-content/plugins/elementor/assets/lib/eicons/fonts/eicons1075.svg]
[desafio19dias.com/wp-content/uploads/2021/05/como-emagreci006.html]
[desafio19dias.com/wp-content/plugins/elementor/assets/lib/font-awesome/webfonts/fa-solid-900.ttf]
[desafio19dias.com/wp-content/plugins/elementor/assets/lib/font-awesome/webfonts/fa-solid-900.svg]
[desafio19dias.com/wp-content/plugins/elementor/assets/lib/font-awesome/webfonts/fa-solid-900.svg]
